// Jest Snapshot v1, https://goo.gl/fbAQLP

exports[`StatusCard should match a snapshot 1`] = `
<WithStyles(ForwardRef(Grid))
  alignItems="center"
  container={true}
  direction="column"
  justify="center"
  spacing={0}
>
  <WithStyles(ForwardRef(Grid))
    item={true}
  >
    <WithStyles(ForwardRef(Typography))
      className="makeStyles-status-1"
      variant="overline"
    >
      hello!
    </WithStyles(ForwardRef(Typography))>
  </WithStyles(ForwardRef(Grid))>
  <WithStyles(ForwardRef(Grid))
    item={true}
  >
    <WithStyles(ForwardRef(Typography))
      className="makeStyles-subTitle-2"
      variant="subtitle1"
    >
      Last 7 days
    </WithStyles(ForwardRef(Typography))>
  </WithStyles(ForwardRef(Grid))>
  <WithStyles(ForwardRef(Grid))
    item={true}
  >
    <WithStyles(ForwardRef(Typography))
      className="makeStyles-value-3"
      variant="body1"
    >
      20
    </WithStyles(ForwardRef(Typography))>
  </WithStyles(ForwardRef(Grid))>
</WithStyles(ForwardRef(Grid))>
`;
