// Jest Snapshot v1, https://goo.gl/fbAQLP

exports[`Dashboard should match a snapshot 1`] = `
<WithStyles(ForwardRef(Grid))
  container={true}
  direction="column"
  justify="center"
  spacing={2}
>
  <WithStyles(ForwardRef(Grid))
    item={true}
  >
    <h2>
      Dashboard
    </h2>
  </WithStyles(ForwardRef(Grid))>
  <WithStyles(ForwardRef(Grid))
    alignItems="center"
    container={true}
    item={true}
    justify="center"
    spacing={5}
  >
    <WithStyles(ForwardRef(Grid))
      item={true}
    >
      <StatusCounts
        active={0}
        onHold={0}
        queued={0}
      />
    </WithStyles(ForwardRef(Grid))>
    <WithStyles(ForwardRef(Grid))
      item={true}
    >
      <UploadButton
        setSamples={[Function]}
      />
    </WithStyles(ForwardRef(Grid))>
  </WithStyles(ForwardRef(Grid))>
  <WithStyles(ForwardRef(Grid))
    item={true}
  >
    <hr
      style={
        Object {
          "backgroundColor": "blue",
          "color": "blue",
          "height": "2px",
          "width": "90%",
        }
      }
    />
  </WithStyles(ForwardRef(Grid))>
</WithStyles(ForwardRef(Grid))>
`;
